--------- beginning of /dev/log/main
D/TESTSTART:( 7142): com.soundcloud.android.explore.Explore.testTendingMusicLoadsNextPage
D/dalvikvm( 7142): GC_CONCURRENT freed 244K, 11% free 3750K/4196K, paused 1ms+0ms, total 12ms
D/dalvikvm( 7142): GC_FOR_ALLOC freed 5K, 11% free 3746K/4196K, paused 4ms, total 6ms
I/dalvikvm-heap( 7142): Grow heap (frag case) to 4.926MB for 1127532-byte allocation
D/dalvikvm( 7142): GC_FOR_ALLOC freed <1K, 9% free 4847K/5300K, paused 41ms, total 41ms
D/dalvikvm( 7142): GC_CONCURRENT freed 25K, 7% free 5444K/5844K, paused 5ms+3ms, total 20ms
D/dalvikvm( 7142): WAIT_FOR_CONCURRENT_GC blocked 8ms
D/dalvikvm( 7142): GC_CONCURRENT freed 82K, 5% free 6273K/6600K, paused 2ms+0ms, total 4ms
D/dalvikvm( 7142): WAIT_FOR_CONCURRENT_GC blocked 2ms
E/libEGL  ( 7142): call to OpenGL ES API with no current context (logged once per thread)
D/dalvikvm( 7142): GC_CONCURRENT freed 330K, 8% free 7110K/7648K, paused 1ms+1ms, total 5ms
I/PullToRefreshAttacher( 7142): Given null options so using default options.
D/dalvikvm( 7142): GC_FOR_ALLOC freed 132K, 6% free 8326K/8836K, paused 22ms, total 22ms
D/libEGL  ( 7142): loaded /system/lib/egl/libEGL_genymotion.so
D/        ( 7142): HostConnection::get() New Host Connection established 0xb9a66f18, tid 7142
D/libEGL  ( 7142): loaded /system/lib/egl/libGLESv1_CM_genymotion.so
D/libEGL  ( 7142): loaded /system/lib/egl/libGLESv2_genymotion.so
W/EGL_genymotion( 7142): eglSurfaceAttrib not implemented
E/OpenGLRenderer( 7142): Getting MAX_TEXTURE_SIZE from GradienCache
E/OpenGLRenderer( 7142): Getting MAX_TEXTURE_SIZE from Caches::initConstraints()
D/OpenGLRenderer( 7142): Enabling debug mode 0
D/dalvikvm( 7142): GC_CONCURRENT freed 524K, 7% free 9746K/10472K, paused 2ms+39ms, total 49ms
D/PublicCloudAPI( 7142): proxy changed: null
D/PublicCloudAPI( 7142): proxy changed: null
D/dalvikvm( 7142): GC_CONCURRENT freed 2893K, 27% free 8787K/11880K, paused 1ms+1ms, total 13ms
E/SharedPreferencesImpl( 7142): Couldn't create directory for SharedPreferences file /data/data/com.soundcloud.android.tests/shared_prefs/showcase_internal.xml
I/ViewFetcher( 7142): Number of views with ID found: 1
D/dalvikvm( 7142): GC_CONCURRENT freed 1785K, 25% free 8922K/11880K, paused 1ms+0ms, total 7ms
I/PullToRefreshAttacher( 7142): Given null options so using default options.
D/dalvikvm( 7142): GC_FOR_ALLOC freed 1718K, 25% free 9014K/11880K, paused 6ms, total 7ms
I/dalvikvm-heap( 7142): Grow heap (frag case) to 9.144MB for 155148-byte allocation
D/dalvikvm( 7142): GC_FOR_ALLOC freed 167K, 26% free 8998K/12032K, paused 6ms, total 6ms
D/dalvikvm( 7142): GC_FOR_ALLOC freed 13K, 25% free 9137K/12032K, paused 8ms, total 8ms
I/dalvikvm-heap( 7142): Grow heap (frag case) to 9.264MB for 155148-byte allocation
D/dalvikvm( 7142): GC_FOR_ALLOC freed <1K, 24% free 9289K/12184K, paused 7ms, total 7ms
D/dalvikvm( 7142): GC_FOR_ALLOC freed 20K, 24% free 9301K/12184K, paused 5ms, total 12ms
I/dalvikvm-heap( 7142): Grow heap (frag case) to 9.423MB for 155148-byte allocation
D/dalvikvm( 7142): GC_FOR_ALLOC freed <1K, 24% free 9452K/12336K, paused 5ms, total 5ms
D/dalvikvm( 7142): GC_FOR_ALLOC freed 4K, 24% free 9449K/12336K, paused 6ms, total 6ms
I/dalvikvm-heap( 7142): Grow heap (frag case) to 9.569MB for 155148-byte allocation
D/dalvikvm( 7142): GC_FOR_ALLOC freed <1K, 24% free 9600K/12488K, paused 4ms, total 4ms
D/dalvikvm( 7142): GC_FOR_ALLOC freed 3K, 24% free 9605K/12488K, paused 5ms, total 12ms
I/dalvikvm-heap( 7142): Grow heap (frag case) to 9.721MB for 155148-byte allocation
D/dalvikvm( 7142): GC_FOR_ALLOC freed <1K, 23% free 9757K/12640K, paused 6ms, total 6ms
D/dalvikvm( 7142): GC_FOR_ALLOC freed <1K, 23% free 9757K/12640K, paused 8ms, total 14ms
I/dalvikvm-heap( 7142): Grow heap (frag case) to 9.870MB for 155148-byte allocation
D/dalvikvm( 7142): GC_FOR_ALLOC freed 0K, 23% free 9909K/12792K, paused 5ms, total 5ms
D/dalvikvm( 7142): GC_FOR_ALLOC freed 2K, 23% free 9911K/12792K, paused 6ms, total 7ms
I/dalvikvm-heap( 7142): Grow heap (frag case) to 10.019MB for 155148-byte allocation
D/dalvikvm( 7142): GC_FOR_ALLOC freed <1K, 23% free 10062K/12944K, paused 7ms, total 7ms
I/PullToRefreshAttacher( 7142): Given null options so using default options.
I/Waiter  ( 7142): Waiting for Activity: MainActivity, current Activity: com.soundcloud.android.main.MainActivity@5279dfcc
D/dalvikvm( 7142): GC_CONCURRENT freed 1526K, 19% free 10583K/12944K, paused 2ms+1ms, total 14ms
D/dalvikvm( 7142): WAIT_FOR_CONCURRENT_GC blocked 9ms
I/dalvikvm-heap( 7142): Grow heap (frag case) to 10.590MB for 65548-byte allocation
D/dalvikvm( 7142): GC_FOR_ALLOC freed 50K, 19% free 10596K/13012K, paused 10ms, total 10ms
D/dalvikvm( 7142): WAIT_FOR_CONCURRENT_GC blocked 17ms
D/dalvikvm( 7142): GC_FOR_ALLOC freed 31K, 19% free 10638K/13012K, paused 10ms, total 10ms
I/dalvikvm-heap( 7142): Grow heap (frag case) to 10.643MB for 65548-byte allocation
D/dalvikvm( 7142): WAIT_FOR_CONCURRENT_GC blocked 30ms
I/dalvikvm-heap( 7142): Grow heap (frag case) to 10.644MB for 40-byte allocation
D/dalvikvm( 7142): GC_FOR_ALLOC freed <1K, 19% free 10702K/13080K, paused 9ms, total 9ms
D/dalvikvm( 7142): WAIT_FOR_CONCURRENT_GC blocked 40ms
D/dalvikvm( 7142): WAIT_FOR_CONCURRENT_GC blocked 40ms
D/dalvikvm( 7142): WAIT_FOR_CONCURRENT_GC blocked 41ms
D/dalvikvm( 7142): GC_FOR_ALLOC freed 2698K, 25% free 9918K/13080K, paused 15ms, total 15ms
D/dalvikvm( 7142): GC_FOR_ALLOC freed 144K, 17% free 10929K/13080K, paused 10ms, total 10ms
I/dalvikvm-heap( 7142): Grow heap (frag case) to 11.820MB for 1000012-byte allocation
D/dalvikvm( 7142): GC_FOR_ALLOC freed <1K, 16% free 11905K/14060K, paused 10ms, total 10ms
D/dalvikvm( 7142): GC_FOR_ALLOC freed 166K, 16% free 11917K/14060K, paused 12ms, total 12ms
I/dalvikvm-heap( 7142): Grow heap (frag case) to 12.784MB for 1000012-byte allocation
D/dalvikvm( 7142): GC_FOR_ALLOC freed <1K, 15% free 12893K/15040K, paused 69ms, total 69ms
D/dalvikvm( 7142): GC_FOR_ALLOC freed 304K, 15% free 12899K/15040K, paused 14ms, total 14ms
I/dalvikvm-heap( 7142): Grow heap (frag case) to 13.743MB for 1000012-byte allocation
D/dalvikvm( 7142): GC_FOR_ALLOC freed 1K, 14% free 13874K/16020K, paused 7ms, total 9ms
D/dalvikvm( 7142): GC_FOR_ALLOC freed 180K, 14% free 13869K/16020K, paused 22ms, total 22ms
I/dalvikvm-heap( 7142): Grow heap (frag case) to 14.690MB for 1000012-byte allocation
D/dalvikvm( 7142): GC_FOR_ALLOC freed 1K, 13% free 14844K/17000K, paused 50ms, total 50ms
D/dalvikvm( 7142): GC_FOR_ALLOC freed 25K, 13% free 14913K/17000K, paused 7ms, total 7ms
I/dalvikvm-heap( 7142): Grow heap (frag case) to 15.710MB for 1000012-byte allocation
D/dalvikvm( 7142): GC_FOR_ALLOC freed 0K, 12% free 15890K/17980K, paused 19ms, total 19ms
I/ViewFetcher( 7142): Number of views with ID found: 1
I/Waiter  ( 7142): ViewID searched
I/ViewFetcher( 7142): Number of views with ID found: 1
I/ViewFetcher( 7142): Number of views with ID found: 1
I/ViewFetcher( 7142): Number of views with ID found: 1
D/dalvikvm( 7142): GC_CONCURRENT freed 1489K, 10% free 16360K/18052K, paused 12ms+2ms, total 26ms
D/dalvikvm( 7142): GC_CONCURRENT freed 1560K, 10% free 16809K/18572K, paused 18ms+11ms, total 37ms
D/dalvikvm( 7142): GC_CONCURRENT freed 2458K, 14% free 16399K/19056K, paused 2ms+0ms, total 13ms
D/dalvikvm( 7142): WAIT_FOR_CONCURRENT_GC blocked 21ms
D/dalvikvm( 7142): GC_CONCURRENT freed 1960K, 15% free 16359K/19056K, paused 1ms+0ms, total 12ms
D/dalvikvm( 7142): GC_CONCURRENT freed 2430K, 17% free 15849K/19056K, paused 0ms+1ms, total 8ms
D/dalvikvm( 7142): GC_FOR_ALLOC freed 347K, 18% free 15814K/19056K, paused 15ms, total 15ms
I/dalvikvm-heap( 7142): Grow heap (frag case) to 16.590MB for 1000012-byte allocation
D/dalvikvm( 7142): GC_FOR_ALLOC freed 7K, 17% free 16783K/20036K, paused 13ms, total 13ms
D/dalvikvm( 7142): GC_FOR_ALLOC freed 75K, 17% free 16779K/20036K, paused 6ms, total 6ms
I/dalvikvm-heap( 7142): Grow heap (frag case) to 17.533MB for 1000012-byte allocation
D/dalvikvm( 7142): GC_FOR_ALLOC freed <1K, 16% free 17755K/21016K, paused 13ms, total 13ms
D/dalvikvm( 7142): GC_FOR_ALLOC freed 72K, 16% free 17772K/21016K, paused 6ms, total 6ms
I/dalvikvm-heap( 7142): Grow heap (frag case) to 18.501MB for 1000012-byte allocation
D/dalvikvm( 7142): GC_FOR_ALLOC freed <1K, 15% free 18748K/21996K, paused 18ms, total 18ms
I/ViewFetcher( 7142): Number of views with ID found: 1
I/ViewFetcher( 7142): Number of views with ID found: 1
I/AccountAssistant( 7142): Logging out
I/AccountAssistant( 7142): LoggedInUser: Slawomir Smiechowy 2
W/SoundCloudApplication( 7142): could not delete /data/data/com.soundcloud.android/lib/libgststagefright_x86_ics.so
I/TestRunner( 7142): failed: testTendingMusicLoadsNextPage(com.soundcloud.android.explore.Explore)
I/TestRunner( 7142): ----- begin exception -----
I/TestRunner( 7142): 
I/TestRunner( 7142): junit.framework.AssertionFailedError: Expected: <null> but was: Account {name=Slawomir Smiechowy 2, type=com.soundcloud.android.account}
I/TestRunner( 7142): 	at junit.framework.Assert.fail(Assert.java:50)
I/TestRunner( 7142): 	at junit.framework.Assert.assertTrue(Assert.java:20)
I/TestRunner( 7142): 	at junit.framework.Assert.assertNull(Assert.java:237)
I/TestRunner( 7142): 	at junit.framework.Assert.assertNull(Assert.java:230)
I/TestRunner( 7142): 	at com.soundcloud.android.tests.ActivityTestCase.tearDown(ActivityTestCase.java:72)
I/TestRunner( 7142): 	at junit.framework.TestCase.runBare(TestCase.java:140)
I/TestRunner( 7142): 	at junit.framework.TestResult$1.protect(TestResult.java:115)
I/TestRunner( 7142): 	at junit.framework.TestResult.runProtected(TestResult.java:133)
I/TestRunner( 7142): 	at junit.framework.TestResult.run(TestResult.java:118)
I/TestRunner( 7142): 	at junit.framework.TestCase.run(TestCase.java:124)
I/TestRunner( 7142): 	at android.test.AndroidTestRunner.runTest(AndroidTestRunner.java:191)
I/TestRunner( 7142): 	at android.test.AndroidTestRunner.runTest(AndroidTestRunner.java:176)
I/TestRunner( 7142): 	at android.test.InstrumentationTestRunner.onStart(InstrumentationTestRunner.java:554)
I/TestRunner( 7142): 	at com.soundcloud.android.tests.RandomizingRunner.onStart(RandomizingRunner.java:11)
I/TestRunner( 7142): 	at android.app.Instrumentation$InstrumentationThread.run(Instrumentation.java:1701)
I/TestRunner( 7142): ----- end exception -----
I/TestRunner( 7142): finished: testTendingMusicLoadsNextPage(com.soundcloud.android.explore.Explore)
D/dalvikvm( 7142): Trying to load lib /data/app-lib/com.soundcloud.android-1/libnative_amplitude_analyzer.so 0xa4eaa090
D/dalvikvm( 7142): Added shared lib /data/app-lib/com.soundcloud.android-1/libnative_amplitude_analyzer.so 0xa4eaa090
D/NativeAmplitudeAnalyzer( 7142): JNI_OnLoad()
